     
WITHOUT THROW CATCH     

     checks.....................: 100.00% ✓ 1610203      ✗ 0
     data_received..............: 228 MB  3.8 MB/s
     data_sent..................: 183 MB  3.0 MB/s
     http_req_blocked...........: avg=246ns    min=0s med=0s max=11.44ms p(90)=0s      p(95)=0s
     http_req_connecting........: avg=1ns      min=0s med=0s max=574.4µs p(90)=0s      p(95)=0s
     http_req_duration..........: avg=304.18µs min=0s med=0s max=11.12ms p(90)=1ms     p(95)=1ms
     http_req_failed............: 100.00% ✓ 1610203      ✗ 0
     http_req_receiving.........: avg=44.97µs  min=0s med=0s max=11.12ms p(90)=0s      p(95)=52µs
     http_req_sending...........: avg=130.49µs min=0s med=0s max=4ms     p(90)=999.3µs p(95)=1ms
     http_req_tls_handshaking...: avg=17ns     min=0s med=0s max=3.31ms  p(90)=0s      p(95)=0s
     http_req_waiting...........: avg=128.71µs min=0s med=0s max=11.12ms p(90)=999.3µs p(95)=1ms
     http_reqs..................: 1610203 26836.551398/s
     iteration_duration.........: avg=366.63µs min=0s med=0s max=11.95ms p(90)=1ms     p(95)=1ms
     iterations.................: 1610203 26836.551398/s
     vus........................: 10      min=10         max=10
     vus_max....................: 10      min=10         max=10

WITH THROW CATCH

     checks.....................: 100.00% ✓ 1483666      ✗ 0
     data_received..............: 205 MB  3.4 MB/s
     data_sent..................: 155 MB  2.6 MB/s
     http_req_blocked...........: avg=245ns    min=0s med=0s max=11.05ms p(90)=0s      p(95)=0s
     http_req_connecting........: avg=5ns      min=0s med=0s max=999.2µs p(90)=0s      p(95)=0s
     http_req_duration..........: avg=335.13µs min=0s med=0s max=33.62ms p(90)=1ms     p(95)=1ms
     http_req_failed............: 100.00% ✓ 1483666      ✗ 0
     http_req_receiving.........: avg=45.27µs  min=0s med=0s max=4ms     p(90)=0s      p(95)=61.7µs
     http_req_sending...........: avg=130.53µs min=0s med=0s max=5.01ms  p(90)=998.9µs p(95)=1ms
     http_req_tls_handshaking...: avg=20ns     min=0s med=0s max=4.01ms  p(90)=0s      p(95)=0s
     http_req_waiting...........: avg=159.32µs min=0s med=0s max=32.36ms p(90)=999.8µs p(95)=1ms
     http_reqs..................: 1483666 24727.622628/s
     iteration_duration.........: avg=398.29µs min=0s med=0s max=42.66ms p(90)=1ms     p(95)=1ms
     iterations.................: 1483666 24727.622628/s
     vus........................: 10      min=10         max=10
     vus_max....................: 10      min=10         max=10